---
version: 1
interactions:
- request:
    body: |
      {"name":"Test Action (Jun  6 15:10:58.364)","supported_triggers":[{"id":"post-login","version":"v2"}],"code":"exports.onExecutePostLogin = async (event, api) =\u003e {}","dependencies":[{"name":"lodash","version":"4.0.0","registry_url":"https://www.npmjs.com/package/lodash"}],"secrets":[{"name":"mySecretName","value":"mySecretValue"}]}
    form: {}
    headers:
      Content-Type:
      - application/json
      User-Agent:
      - Go-Auth0-SDK/latest
    url: https://go-auth0-dev.eu.auth0.com/api/v2/actions/actions
    method: POST
  response:
    body: '{"id":"eb4996c0-c536-451c-b3a5-2e2da78c2c85","name":"Test Action (Jun  6
      15:10:58.364)","supported_triggers":[{"id":"post-login","version":"v2"}],"created_at":"2022-06-06T13:10:58.620390915Z","updated_at":"2022-06-06T13:10:58.629515986Z","code":"exports.onExecutePostLogin
      = async (event, api) => {}","dependencies":[{"name":"lodash","version":"4.0.0","registry_url":"https://www.npmjs.com/package/lodash"}],"runtime":"node16","status":"pending","secrets":[{"name":"mySecretName","updated_at":"2022-06-06T13:10:58.629515986Z"}],"all_changes_deployed":false}'
    headers:
      Content-Type:
      - application/json; charset=utf-8
    status: 201 Created
    code: 201
    duration: 1ms
- request:
    body: |
      null
    form: {}
    headers:
      Content-Type:
      - application/json
      User-Agent:
      - Go-Auth0-SDK/latest
    url: https://go-auth0-dev.eu.auth0.com/api/v2/actions/actions?actionName=Test+Action+%28Jun++6+15%3A10%3A58.364%29&per_page=50
    method: GET
  response:
    body: '{"actions":[{"id":"eb4996c0-c536-451c-b3a5-2e2da78c2c85","name":"Test Action
      (Jun  6 15:10:58.364)","supported_triggers":[{"id":"post-login","version":"v2"}],"created_at":"2022-06-06T13:10:58.620390915Z","updated_at":"2022-06-06T13:10:58.629515986Z","code":"exports.onExecutePostLogin
      = async (event, api) => {}","dependencies":[{"name":"lodash","version":"4.0.0","registry_url":"https://www.npmjs.com/package/lodash"}],"runtime":"node16","status":"building","secrets":[{"name":"mySecretName","updated_at":"2022-06-06T13:10:58.629515986Z"}],"all_changes_deployed":false}],"total":1,"per_page":50}'
    headers:
      Content-Type:
      - application/json; charset=utf-8
    status: 200 OK
    code: 200
    duration: 1ms
- request:
    body: ""
    form: {}
    headers:
      Content-Type:
      - application/json
      User-Agent:
      - Go-Auth0-SDK/latest
    url: https://go-auth0-dev.eu.auth0.com/api/v2/actions/actions/eb4996c0-c536-451c-b3a5-2e2da78c2c85
    method: DELETE
  response:
    body: ""
    headers:
      Content-Type:
      - application/json; charset=utf-8
    status: 204 No Content
    code: 204
    duration: 1ms
