---
version: 1
interactions:
- request:
    body: |
      {"connection":"Username-Password-Authentication","email":"chuck750@example.com","given_name":"Chuck","family_name":"Sanchez","username":"test-user362","nickname":"Chucky","password":"Passwords hide their chuck","user_metadata":{"favourite_attack":"roundhouse_kick"},"verify_email":false,"app_metadata":{"facts":["count_to_infinity_twice","kill_two_stones_with_one_bird","can_hear_sign_language"]},"picture":"https://example-picture-url.jpg","blocked":false,"email_verified":true}
    form: {}
    headers:
      Content-Type:
      - application/json
      User-Agent:
      - Go-Auth0-SDK/latest
    url: https://go-auth0-dev.eu.auth0.com/api/v2/users
    method: POST
  response:
    body: '{"blocked":false,"created_at":"2022-06-06T13:25:57.184Z","email":"chuck750@example.com","email_verified":true,"family_name":"Sanchez","given_name":"Chuck","identities":[{"connection":"Username-Password-Authentication","user_id":"629e0065bf2f7d0069e966f6","provider":"auth0","isSocial":false}],"name":"chuck750@example.com","nickname":"Chucky","picture":"https://example-picture-url.jpg","updated_at":"2022-06-06T13:25:57.184Z","user_id":"auth0|629e0065bf2f7d0069e966f6","user_metadata":{"favourite_attack":"roundhouse_kick"},"username":"test-user362","app_metadata":{"facts":["count_to_infinity_twice","kill_two_stones_with_one_bird","can_hear_sign_language"]}}'
    headers:
      Content-Type:
      - application/json; charset=utf-8
    status: 201 Created
    code: 201
    duration: 1ms
- request:
    body: |
      {"name":"test-role436","description":"Test Role"}
    form: {}
    headers:
      Content-Type:
      - application/json
      User-Agent:
      - Go-Auth0-SDK/latest
    url: https://go-auth0-dev.eu.auth0.com/api/v2/roles
    method: POST
  response:
    body: '{"id":"rol_YYWuL84hEl5JsXmN","name":"test-role436","description":"Test
      Role"}'
    headers:
      Content-Type:
      - application/json; charset=utf-8
    status: 200 OK
    code: 200
    duration: 1ms
- request:
    body: |
      {"roles":["rol_YYWuL84hEl5JsXmN"]}
    form: {}
    headers:
      Content-Type:
      - application/json
      User-Agent:
      - Go-Auth0-SDK/latest
    url: https://go-auth0-dev.eu.auth0.com/api/v2/users/auth0%7C629e0065bf2f7d0069e966f6/roles
    method: POST
  response:
    body: ""
    headers:
      Content-Type:
      - application/json; charset=utf-8
    status: 204 No Content
    code: 204
    duration: 1ms
- request:
    body: |
      null
    form: {}
    headers:
      Content-Type:
      - application/json
      User-Agent:
      - Go-Auth0-SDK/latest
    url: https://go-auth0-dev.eu.auth0.com/api/v2/users/auth0%7C629e0065bf2f7d0069e966f6/roles?include_totals=true&per_page=50
    method: GET
  response:
    body: '{"roles":[{"id":"rol_YYWuL84hEl5JsXmN","name":"test-role436","description":"Test
      Role"}],"start":0,"limit":50,"total":1}'
    headers:
      Content-Type:
      - application/json; charset=utf-8
    status: 200 OK
    code: 200
    duration: 1ms
- request:
    body: |
      {"roles":["rol_YYWuL84hEl5JsXmN"]}
    form: {}
    headers:
      Content-Type:
      - application/json
      User-Agent:
      - Go-Auth0-SDK/latest
    url: https://go-auth0-dev.eu.auth0.com/api/v2/users/auth0%7C629e0065bf2f7d0069e966f6/roles
    method: DELETE
  response:
    body: ""
    headers:
      Content-Type:
      - application/json; charset=utf-8
    status: 204 No Content
    code: 204
    duration: 1ms
- request:
    body: |
      null
    form: {}
    headers:
      Content-Type:
      - application/json
      User-Agent:
      - Go-Auth0-SDK/latest
    url: https://go-auth0-dev.eu.auth0.com/api/v2/users/auth0%7C629e0065bf2f7d0069e966f6/roles?include_totals=true&per_page=50
    method: GET
  response:
    body: '{"roles":[],"start":0,"limit":50,"total":0}'
    headers:
      Content-Type:
      - application/json; charset=utf-8
    status: 200 OK
    code: 200
    duration: 1ms
- request:
    body: |
      {}
    form: {}
    headers:
      Content-Type:
      - application/json
      User-Agent:
      - Go-Auth0-SDK/latest
    url: https://go-auth0-dev.eu.auth0.com/api/v2/roles/rol_YYWuL84hEl5JsXmN
    method: DELETE
  response:
    body: '{}'
    headers:
      Content-Type:
      - application/json; charset=utf-8
    status: 200 OK
    code: 200
    duration: 1ms
- request:
    body: ""
    form: {}
    headers:
      Content-Type:
      - application/json
      User-Agent:
      - Go-Auth0-SDK/latest
    url: https://go-auth0-dev.eu.auth0.com/api/v2/users/auth0%7C629e0065bf2f7d0069e966f6
    method: DELETE
  response:
    body: ""
    headers:
      Content-Type:
      - application/json; charset=utf-8
    status: 204 No Content
    code: 204
    duration: 1ms
