---
version: 1
interactions:
- request:
    body: |
      {"name":"test-organization215","display_name":"Test Organization","branding":{"logo_url":"https://example.com/logo.gif"}}
    form: {}
    headers:
      Content-Type:
      - application/json
      User-Agent:
      - Go-Auth0-SDK/latest
    url: https://go-auth0-dev.eu.auth0.com/api/v2/organizations
    method: POST
  response:
    body: '{"name":"test-organization215","display_name":"Test Organization","branding":{"logo_url":"https://example.com/logo.gif"},"id":"org_4YR67yfL0rthNmcL"}'
    headers:
      Content-Type:
      - application/json; charset=utf-8
    status: 201 Created
    code: 201
    duration: 1ms
- request:
    body: |
      {"name":"Test Client (Jun  6 15:22:40.148)","description":"This is just a test client.","organization_usage":"allow"}
    form: {}
    headers:
      Content-Type:
      - application/json
      User-Agent:
      - Go-Auth0-SDK/latest
    url: https://go-auth0-dev.eu.auth0.com/api/v2/clients
    method: POST
  response:
    body: '{"name":"Test Client (Jun  6 15:22:40.148)","description":"This is just
      a test client.","client_id":"HAhtg6qNUknqJGQyqk9IpEVEEkqkTfJU","is_first_party":true,"is_token_endpoint_ip_header_trusted":false,"oidc_conformant":false,"jwt_configuration":{"secret_encoded":false,"lifetime_in_seconds":36000},"sso_disabled":false,"cross_origin_auth":false,"grant_types":["authorization_code","implicit","refresh_token","client_credentials"],"custom_login_page_on":true,"refresh_token":{"rotation_type":"non-rotating","expiration_type":"non-expiring","leeway":0,"token_lifetime":2592000,"infinite_token_lifetime":true,"infinite_idle_token_lifetime":true,"idle_token_lifetime":1296000},"organization_usage":"allow"}'
    headers:
      Content-Type:
      - application/json; charset=utf-8
    status: 201 Created
    code: 201
    duration: 1ms
- request:
    body: |
      {"name":"test-conn630","display_name":"Test Connection 506","strategy":"auth0","enabled_clients":["3tjbn4dFI04fpHKnVlGs1GYDzQKIEmbF","HAhtg6qNUknqJGQyqk9IpEVEEkqkTfJU"]}
    form: {}
    headers:
      Content-Type:
      - application/json
      User-Agent:
      - Go-Auth0-SDK/latest
    url: https://go-auth0-dev.eu.auth0.com/api/v2/connections
    method: POST
  response:
    body: '{"id":"con_X2HUQTSxVArqgiHZ","options":{"mfa":{"active":true,"return_enroll_settings":true},"passwordPolicy":"good","strategy_version":2,"brute_force_protection":true},"strategy":"auth0","name":"test-conn630","is_domain_connection":false,"display_name":"Test
      Connection 506","enabled_clients":["3tjbn4dFI04fpHKnVlGs1GYDzQKIEmbF","HAhtg6qNUknqJGQyqk9IpEVEEkqkTfJU"],"realms":["test-conn630"]}'
    headers:
      Content-Type:
      - application/json; charset=utf-8
    status: 201 Created
    code: 201
    duration: 1ms
- request:
    body: |
      {"connection_id":"con_X2HUQTSxVArqgiHZ","assign_membership_on_login":true}
    form: {}
    headers:
      Content-Type:
      - application/json
      User-Agent:
      - Go-Auth0-SDK/latest
    url: https://go-auth0-dev.eu.auth0.com/api/v2/organizations/org_4YR67yfL0rthNmcL/enabled_connections
    method: POST
  response:
    body: '{"connection_id":"con_X2HUQTSxVArqgiHZ","assign_membership_on_login":true,"connection":{"name":"test-conn630","strategy":"auth0"}}'
    headers:
      Content-Type:
      - application/json; charset=utf-8
    status: 201 Created
    code: 201
    duration: 1ms
- request:
    body: ""
    form: {}
    headers:
      Content-Type:
      - application/json
      User-Agent:
      - Go-Auth0-SDK/latest
    url: https://go-auth0-dev.eu.auth0.com/api/v2/organizations/org_4YR67yfL0rthNmcL/enabled_connections/con_X2HUQTSxVArqgiHZ
    method: DELETE
  response:
    body: ""
    headers:
      Content-Type:
      - application/json; charset=utf-8
    status: 204 No Content
    code: 204
    duration: 1ms
- request:
    body: |
      null
    form: {}
    headers:
      Content-Type:
      - application/json
      User-Agent:
      - Go-Auth0-SDK/latest
    url: https://go-auth0-dev.eu.auth0.com/api/v2/organizations/org_4YR67yfL0rthNmcL/enabled_connections/con_X2HUQTSxVArqgiHZ
    method: GET
  response:
    body: '{"statusCode":404,"error":"Not Found","message":"No connection found by
      that id"}'
    headers:
      Content-Type:
      - application/json; charset=utf-8
    status: 404 Not Found
    code: 404
    duration: 1ms
- request:
    body: ""
    form: {}
    headers:
      Content-Type:
      - application/json
      User-Agent:
      - Go-Auth0-SDK/latest
    url: https://go-auth0-dev.eu.auth0.com/api/v2/connections/con_X2HUQTSxVArqgiHZ
    method: DELETE
  response:
    body: '{"deleted_at":"2022-06-06T13:22:43.111Z"}'
    headers:
      Content-Type:
      - application/json; charset=utf-8
    status: 202 Accepted
    code: 202
    duration: 1ms
- request:
    body: ""
    form: {}
    headers:
      Content-Type:
      - application/json
      User-Agent:
      - Go-Auth0-SDK/latest
    url: https://go-auth0-dev.eu.auth0.com/api/v2/clients/HAhtg6qNUknqJGQyqk9IpEVEEkqkTfJU
    method: DELETE
  response:
    body: ""
    headers:
      Content-Type:
      - application/json; charset=utf-8
    status: 204 No Content
    code: 204
    duration: 1ms
- request:
    body: ""
    form: {}
    headers:
      Content-Type:
      - application/json
      User-Agent:
      - Go-Auth0-SDK/latest
    url: https://go-auth0-dev.eu.auth0.com/api/v2/organizations/org_4YR67yfL0rthNmcL
    method: DELETE
  response:
    body: ""
    headers:
      Content-Type:
      - application/json; charset=utf-8
    status: 204 No Content
    code: 204
    duration: 1ms
